// Jest Snapshot v1, https://goo.gl/fbAQLP

exports[`UserProfile component tests matches SnapShot 1`] = `undefined`;
