// Jest Snapshot v1, https://goo.gl/fbAQLP

exports[`CustomLogin component tests matches SnapShot 1`] = `
ShallowWrapper {
  "length": 1,
  Symbol(enzyme.__root__): [Circular],
  Symbol(enzyme.__unrendered__): <CustomLogin />,
  Symbol(enzyme.__renderer__): Object {
    "batchedUpdates": [Function],
    "getNode": [Function],
    "render": [Function],
    "simulateEvent": [Function],
    "unmount": [Function],
  },
  Symbol(enzyme.__node__): Object {
    "instance": null,
    "key": undefined,
    "nodeType": "host",
    "props": Object {
      "children": Array [
        <h1>
          Sign in with Email
</h1>,
        <label>
          Email:
</label>,
        <input
          autoComplete="email"
          name="email"
          onChange={[Function]}
          placeholder="Email"
          type="email"
          value=""
/>,
        <label>
          Password:
</label>,
        <input
          autoComplete="current-password"
          name="password"
          onChange={[Function]}
          placeholder="Password"
          type="password"
          value=""
/>,
        <Link
          replace={false}
          to="/forgotpassword"
>
          Forgot Password
</Link>,
        <span />,
        <button
          disabled={true}
          onClick={[Function]}
>
          Sign In
</button>,
        <button
          onClick={[Function]}
>
          Sign Up Instead
</button>,
      ],
      "className": "CustomLogin",
    },
    "ref": null,
    "rendered": Array [
      Object {
        "instance": null,
        "key": undefined,
        "nodeType": "host",
        "props": Object {
          "children": "Sign in with Email",
        },
        "ref": null,
        "rendered": "Sign in with Email",
        "type": "h1",
      },
      Object {
        "instance": null,
        "key": undefined,
        "nodeType": "host",
        "props": Object {
          "children": "Email:",
        },
        "ref": null,
        "rendered": "Email:",
        "type": "label",
      },
      Object {
        "instance": null,
        "key": undefined,
        "nodeType": "host",
        "props": Object {
          "autoComplete": "email",
          "name": "email",
          "onChange": [Function],
          "placeholder": "Email",
          "type": "email",
          "value": "",
        },
        "ref": [Function],
        "rendered": null,
        "type": "input",
      },
      Object {
        "instance": null,
        "key": undefined,
        "nodeType": "host",
        "props": Object {
          "children": "Password:",
        },
        "ref": null,
        "rendered": "Password:",
        "type": "label",
      },
      Object {
        "instance": null,
        "key": undefined,
        "nodeType": "host",
        "props": Object {
          "autoComplete": "current-password",
          "name": "password",
          "onChange": [Function],
          "placeholder": "Password",
          "type": "password",
          "value": "",
        },
        "ref": [Function],
        "rendered": null,
        "type": "input",
      },
      Object {
        "instance": null,
        "key": undefined,
        "nodeType": "class",
        "props": Object {
          "children": "Forgot Password",
          "replace": false,
          "to": "/forgotpassword",
        },
        "ref": null,
        "rendered": "Forgot Password",
        "type": [Function],
      },
      Object {
        "instance": null,
        "key": undefined,
        "nodeType": "host",
        "props": Object {
          "children": null,
        },
        "ref": null,
        "rendered": null,
        "type": "span",
      },
      Object {
        "instance": null,
        "key": undefined,
        "nodeType": "host",
        "props": Object {
          "children": "Sign In",
          "disabled": true,
          "onClick": [Function],
        },
        "ref": [Function],
        "rendered": "Sign In",
        "type": "button",
      },
      Object {
        "instance": null,
        "key": undefined,
        "nodeType": "host",
        "props": Object {
          "children": "Sign Up Instead",
          "onClick": [Function],
        },
        "ref": null,
        "rendered": "Sign Up Instead",
        "type": "button",
      },
    ],
    "type": "div",
  },
  Symbol(enzyme.__nodes__): Array [
    Object {
      "instance": null,
      "key": undefined,
      "nodeType": "host",
      "props": Object {
        "children": Array [
          <h1>
            Sign in with Email
</h1>,
          <label>
            Email:
</label>,
          <input
            autoComplete="email"
            name="email"
            onChange={[Function]}
            placeholder="Email"
            type="email"
            value=""
/>,
          <label>
            Password:
</label>,
          <input
            autoComplete="current-password"
            name="password"
            onChange={[Function]}
            placeholder="Password"
            type="password"
            value=""
/>,
          <Link
            replace={false}
            to="/forgotpassword"
>
            Forgot Password
</Link>,
          <span />,
          <button
            disabled={true}
            onClick={[Function]}
>
            Sign In
</button>,
          <button
            onClick={[Function]}
>
            Sign Up Instead
</button>,
        ],
        "className": "CustomLogin",
      },
      "ref": null,
      "rendered": Array [
        Object {
          "instance": null,
          "key": undefined,
          "nodeType": "host",
          "props": Object {
            "children": "Sign in with Email",
          },
          "ref": null,
          "rendered": "Sign in with Email",
          "type": "h1",
        },
        Object {
          "instance": null,
          "key": undefined,
          "nodeType": "host",
          "props": Object {
            "children": "Email:",
          },
          "ref": null,
          "rendered": "Email:",
          "type": "label",
        },
        Object {
          "instance": null,
          "key": undefined,
          "nodeType": "host",
          "props": Object {
            "autoComplete": "email",
            "name": "email",
            "onChange": [Function],
            "placeholder": "Email",
            "type": "email",
            "value": "",
          },
          "ref": [Function],
          "rendered": null,
          "type": "input",
        },
        Object {
          "instance": null,
          "key": undefined,
          "nodeType": "host",
          "props": Object {
            "children": "Password:",
          },
          "ref": null,
          "rendered": "Password:",
          "type": "label",
        },
        Object {
          "instance": null,
          "key": undefined,
          "nodeType": "host",
          "props": Object {
            "autoComplete": "current-password",
            "name": "password",
            "onChange": [Function],
            "placeholder": "Password",
            "type": "password",
            "value": "",
          },
          "ref": [Function],
          "rendered": null,
          "type": "input",
        },
        Object {
          "instance": null,
          "key": undefined,
          "nodeType": "class",
          "props": Object {
            "children": "Forgot Password",
            "replace": false,
            "to": "/forgotpassword",
          },
          "ref": null,
          "rendered": "Forgot Password",
          "type": [Function],
        },
        Object {
          "instance": null,
          "key": undefined,
          "nodeType": "host",
          "props": Object {
            "children": null,
          },
          "ref": null,
          "rendered": null,
          "type": "span",
        },
        Object {
          "instance": null,
          "key": undefined,
          "nodeType": "host",
          "props": Object {
            "children": "Sign In",
            "disabled": true,
            "onClick": [Function],
          },
          "ref": [Function],
          "rendered": "Sign In",
          "type": "button",
        },
        Object {
          "instance": null,
          "key": undefined,
          "nodeType": "host",
          "props": Object {
            "children": "Sign Up Instead",
            "onClick": [Function],
          },
          "ref": null,
          "rendered": "Sign Up Instead",
          "type": "button",
        },
      ],
      "type": "div",
    },
  ],
  Symbol(enzyme.__options__): Object {
    "adapter": ReactSixteenAdapter {
      "options": Object {
        "enableComponentDidUpdateOnSetState": true,
      },
    },
  },
}
`;
