// Jest Snapshot v1, https://goo.gl/fbAQLP

exports[`UpdateAction component tests matches SnapShot 1`] = `undefined`;
