// Jest Snapshot v1, https://goo.gl/fbAQLP

exports[`Header component tests matches SnapShot 1`] = `
ShallowWrapper {
  "length": 1,
  Symbol(enzyme.__root__): [Circular],
  Symbol(enzyme.__unrendered__): <Unknown
    User={Object {}}
    validateUser={[Function]}
/>,
  Symbol(enzyme.__renderer__): Object {
    "batchedUpdates": [Function],
    "getNode": [Function],
    "render": [Function],
    "simulateEvent": [Function],
    "unmount": [Function],
  },
  Symbol(enzyme.__node__): Object {
    "instance": null,
    "key": undefined,
    "nodeType": "host",
    "props": Object {
      "children": Array [
        <a
          className="main-site"
          href="https://thehumaneleague.org/"
          rel="noopener noreferrer"
          target="_blank"
>
          <img
                    className="App__logo"
                    src="THL18-horiz-logo-white.png"
          />
</a>,
        <nav>
          
</nav>,
      ],
    },
    "ref": null,
    "rendered": Array [
      Object {
        "instance": null,
        "key": undefined,
        "nodeType": "host",
        "props": Object {
          "children": <img
            className="App__logo"
            src="THL18-horiz-logo-white.png"
/>,
          "className": "main-site",
          "href": "https://thehumaneleague.org/",
          "rel": "noopener noreferrer",
          "target": "_blank",
        },
        "ref": null,
        "rendered": Object {
          "instance": null,
          "key": undefined,
          "nodeType": "host",
          "props": Object {
            "className": "App__logo",
            "src": "THL18-horiz-logo-white.png",
          },
          "ref": null,
          "rendered": null,
          "type": "img",
        },
        "type": "a",
      },
      Object {
        "instance": null,
        "key": undefined,
        "nodeType": "host",
        "props": Object {
          "children": Array [
            null,
            null,
            null,
            null,
            null,
            null,
          ],
        },
        "ref": null,
        "rendered": Array [
          null,
          null,
          null,
          null,
          null,
          null,
        ],
        "type": "nav",
      },
    ],
    "type": "header",
  },
  Symbol(enzyme.__nodes__): Array [
    Object {
      "instance": null,
      "key": undefined,
      "nodeType": "host",
      "props": Object {
        "children": Array [
          <a
            className="main-site"
            href="https://thehumaneleague.org/"
            rel="noopener noreferrer"
            target="_blank"
>
            <img
                        className="App__logo"
                        src="THL18-horiz-logo-white.png"
            />
</a>,
          <nav>
            
</nav>,
        ],
      },
      "ref": null,
      "rendered": Array [
        Object {
          "instance": null,
          "key": undefined,
          "nodeType": "host",
          "props": Object {
            "children": <img
              className="App__logo"
              src="THL18-horiz-logo-white.png"
/>,
            "className": "main-site",
            "href": "https://thehumaneleague.org/",
            "rel": "noopener noreferrer",
            "target": "_blank",
          },
          "ref": null,
          "rendered": Object {
            "instance": null,
            "key": undefined,
            "nodeType": "host",
            "props": Object {
              "className": "App__logo",
              "src": "THL18-horiz-logo-white.png",
            },
            "ref": null,
            "rendered": null,
            "type": "img",
          },
          "type": "a",
        },
        Object {
          "instance": null,
          "key": undefined,
          "nodeType": "host",
          "props": Object {
            "children": Array [
              null,
              null,
              null,
              null,
              null,
              null,
            ],
          },
          "ref": null,
          "rendered": Array [
            null,
            null,
            null,
            null,
            null,
            null,
          ],
          "type": "nav",
        },
      ],
      "type": "header",
    },
  ],
  Symbol(enzyme.__options__): Object {
    "adapter": ReactSixteenAdapter {
      "options": Object {
        "enableComponentDidUpdateOnSetState": true,
      },
    },
  },
}
`;
